Archive member included to satisfy reference by file (symbol)

/usr/lib/gcc/avr/12.1.0/avr5/libgcc.a(_divmodsi4.o)
                              ./HAL/LCD/LCD_PROGRAM.o (__divmodsi4)
/usr/lib/gcc/avr/12.1.0/avr5/libgcc.a(_negsi2.o)
                              /usr/lib/gcc/avr/12.1.0/avr5/libgcc.a(_divmodsi4.o) (__negsi2)
/usr/lib/gcc/avr/12.1.0/avr5/libgcc.a(_exit.o)
                              /usr/lib/gcc/avr/12.1.0/../../../../avr/lib/avr5/crtatmega32.o (exit)
/usr/lib/gcc/avr/12.1.0/avr5/libgcc.a(_tablejump2.o)
                              ./HAL/STEPPER/STEPPER_PROGRAM.o (__tablejump2__)
/usr/lib/gcc/avr/12.1.0/avr5/libgcc.a(_copy_data.o)
                              ./HAL/KPD/KPD_PROGRAM.o (__do_copy_data)
/usr/lib/gcc/avr/12.1.0/avr5/libgcc.a(_clear_bss.o)
                              ./MCAL/EXTI/EXTI_PROGRAM.o (__do_clear_bss)
/usr/lib/gcc/avr/12.1.0/avr5/libgcc.a(_udivmodsi4.o)
                              /usr/lib/gcc/avr/12.1.0/avr5/libgcc.a(_divmodsi4.o) (__udivmodsi4)
/usr/lib/gcc/avr/12.1.0/../../../../avr/lib/avr5/libm.a(cmpsf2.o)
                              ./HAL/STEPPER/STEPPER_PROGRAM.o (__ltsf2)
/usr/lib/gcc/avr/12.1.0/../../../../avr/lib/avr5/libm.a(fixunssfsi.o)
                              ./HAL/STEPPER/STEPPER_PROGRAM.o (__fixunssfsi)
/usr/lib/gcc/avr/12.1.0/../../../../avr/lib/avr5/libm.a(fp_cmp.o)
                              /usr/lib/gcc/avr/12.1.0/../../../../avr/lib/avr5/libm.a(cmpsf2.o) (__fp_cmp)
/usr/lib/gcc/avr/12.1.0/../../../../avr/lib/avr5/libm.a(fp_split3.o)
                              /usr/lib/gcc/avr/12.1.0/../../../../avr/lib/avr5/libm.a(fixunssfsi.o) (__fp_splitA)
/usr/lib/gcc/avr/12.1.0/../../../../avr/lib/avr5/libm.a(fp_zero.o)
                              /usr/lib/gcc/avr/12.1.0/../../../../avr/lib/avr5/libm.a(fixunssfsi.o) (__fp_zero)
/usr/lib/gcc/avr/12.1.0/../../../../avr/lib/avr5/libm.a(gesf2.o)
                              ./HAL/STEPPER/STEPPER_PROGRAM.o (__gtsf2)
/usr/lib/gcc/avr/12.1.0/../../../../avr/lib/avr5/libm.a(mulsf3.o)
                              ./HAL/STEPPER/STEPPER_PROGRAM.o (__mulsf3)
/usr/lib/gcc/avr/12.1.0/../../../../avr/lib/avr5/libm.a(mulsf3x.o)
                              /usr/lib/gcc/avr/12.1.0/../../../../avr/lib/avr5/libm.a(mulsf3.o) (__mulsf3x)
/usr/lib/gcc/avr/12.1.0/../../../../avr/lib/avr5/libm.a(fp_inf.o)
                              /usr/lib/gcc/avr/12.1.0/../../../../avr/lib/avr5/libm.a(mulsf3x.o) (__fp_inf)
/usr/lib/gcc/avr/12.1.0/../../../../avr/lib/avr5/libm.a(fp_nan.o)
                              /usr/lib/gcc/avr/12.1.0/../../../../avr/lib/avr5/libm.a(mulsf3x.o) (__fp_nan)
/usr/lib/gcc/avr/12.1.0/../../../../avr/lib/avr5/libm.a(fp_pscA.o)
                              /usr/lib/gcc/avr/12.1.0/../../../../avr/lib/avr5/libm.a(mulsf3x.o) (__fp_pscA)
/usr/lib/gcc/avr/12.1.0/../../../../avr/lib/avr5/libm.a(fp_pscB.o)
                              /usr/lib/gcc/avr/12.1.0/../../../../avr/lib/avr5/libm.a(mulsf3x.o) (__fp_pscB)
/usr/lib/gcc/avr/12.1.0/../../../../avr/lib/avr5/libm.a(fp_round.o)
                              /usr/lib/gcc/avr/12.1.0/../../../../avr/lib/avr5/libm.a(mulsf3.o) (__fp_round)

Memory Configuration

Name             Origin             Length             Attributes
text             0x0000000000000000 0x0000000000020000 xr
data             0x0000000000800060 0x000000000000ffa0 rw !x
eeprom           0x0000000000810000 0x0000000000010000 rw !x
fuse             0x0000000000820000 0x0000000000000002 rw !x
lock             0x0000000000830000 0x0000000000000400 rw !x
signature        0x0000000000840000 0x0000000000000400 rw !x
user_signatures  0x0000000000850000 0x0000000000000400 rw !x
*default*        0x0000000000000000 0xffffffffffffffff

Linker script and memory map

LOAD /usr/lib/gcc/avr/12.1.0/../../../../avr/lib/avr5/crtatmega32.o
LOAD ./MCAL/GIE/GIE_PROGRAM.o
LOAD ./MCAL/EXTI/EXTI_PROGRAM.o
LOAD ./MCAL/DIO/DIO_PROGRAM.o
LOAD ./HAL/STEPPER/STEPPER_PROGRAM.o
LOAD ./HAL/LCD/LCD_PROGRAM.o
LOAD ./HAL/KPD/KPD_PROGRAM.o
LOAD ./APP/main.o
START GROUP
LOAD /usr/lib/gcc/avr/12.1.0/avr5/libgcc.a
LOAD /usr/lib/gcc/avr/12.1.0/../../../../avr/lib/avr5/libm.a
LOAD /usr/lib/gcc/avr/12.1.0/../../../../avr/lib/avr5/libc.a
LOAD /usr/lib/gcc/avr/12.1.0/../../../../avr/lib/avr5/libatmega32.a
END GROUP
                0x0000000000020000                __TEXT_REGION_LENGTH__ = DEFINED (__TEXT_REGION_LENGTH__)?__TEXT_REGION_LENGTH__:0x20000
                0x000000000000ffa0                __DATA_REGION_LENGTH__ = DEFINED (__DATA_REGION_LENGTH__)?__DATA_REGION_LENGTH__:0xffa0
                0x0000000000010000                __EEPROM_REGION_LENGTH__ = DEFINED (__EEPROM_REGION_LENGTH__)?__EEPROM_REGION_LENGTH__:0x10000
                [0x0000000000000002]                __FUSE_REGION_LENGTH__ = DEFINED (__FUSE_REGION_LENGTH__)?__FUSE_REGION_LENGTH__:0x400
                0x0000000000000400                __LOCK_REGION_LENGTH__ = DEFINED (__LOCK_REGION_LENGTH__)?__LOCK_REGION_LENGTH__:0x400
                0x0000000000000400                __SIGNATURE_REGION_LENGTH__ = DEFINED (__SIGNATURE_REGION_LENGTH__)?__SIGNATURE_REGION_LENGTH__:0x400
                0x0000000000000400                __USER_SIGNATURE_REGION_LENGTH__ = DEFINED (__USER_SIGNATURE_REGION_LENGTH__)?__USER_SIGNATURE_REGION_LENGTH__:0x400

.hash
 *(.hash)

.dynsym
 *(.dynsym)

.dynstr
 *(.dynstr)

.gnu.version
 *(.gnu.version)

.gnu.version_d
 *(.gnu.version_d)

.gnu.version_r
 *(.gnu.version_r)

.rel.init
 *(.rel.init)

.rela.init
 *(.rela.init)

.rel.text
 *(.rel.text)
 *(.rel.text.*)
 *(.rel.gnu.linkonce.t*)

.rela.text
 *(.rela.text)
 *(.rela.text.*)
 *(.rela.gnu.linkonce.t*)

.rel.fini
 *(.rel.fini)

.rela.fini
 *(.rela.fini)

.rel.rodata
 *(.rel.rodata)
 *(.rel.rodata.*)
 *(.rel.gnu.linkonce.r*)

.rela.rodata
 *(.rela.rodata)
 *(.rela.rodata.*)
 *(.rela.gnu.linkonce.r*)

.rel.data
 *(.rel.data)
 *(.rel.data.*)
 *(.rel.gnu.linkonce.d*)

.rela.data
 *(.rela.data)
 *(.rela.data.*)
 *(.rela.gnu.linkonce.d*)

.rel.ctors
 *(.rel.ctors)

.rela.ctors
 *(.rela.ctors)

.rel.dtors
 *(.rel.dtors)

.rela.dtors
 *(.rela.dtors)

.rel.got
 *(.rel.got)

.rela.got
 *(.rela.got)

.rel.bss
 *(.rel.bss)

.rela.bss
 *(.rela.bss)

.rel.plt
 *(.rel.plt)

.rela.plt
 *(.rela.plt)

.text           0x0000000000000000     0x61b2
 *(.vectors)
 .vectors       0x0000000000000000       0x54 /usr/lib/gcc/avr/12.1.0/../../../../avr/lib/avr5/crtatmega32.o
                0x0000000000000000                __vectors
                0x0000000000000000                __vector_default
 *(.vectors)
 *(.progmem.gcc*)
                0x0000000000000054                . = ALIGN (0x2)
                0x0000000000000054                __trampolines_start = .
 *(.trampolines)
 .trampolines   0x0000000000000054        0x0 linker stubs
 *(.trampolines*)
                0x0000000000000054                __trampolines_end = .
 *libprintf_flt.a:*(.progmem.data)
 *libc.a:*(.progmem.data)
 *(.progmem.*)
                0x0000000000000054                . = ALIGN (0x2)
 *(.lowtext)
 *(.lowtext*)
                0x0000000000000054                __ctors_start = .
 *(.ctors)
                0x0000000000000054                __ctors_end = .
                0x0000000000000054                __dtors_start = .
 *(.dtors)
                0x0000000000000054                __dtors_end = .
 SORT_BY_NAME(*)(.ctors)
 SORT_BY_NAME(*)(.dtors)
 *(.init0)
 .init0         0x0000000000000054        0x0 /usr/lib/gcc/avr/12.1.0/../../../../avr/lib/avr5/crtatmega32.o
                0x0000000000000054                __init
 *(.init0)
 *(.init1)
 *(.init1)
 *(.init2)
 .init2         0x0000000000000054        0xc /usr/lib/gcc/avr/12.1.0/../../../../avr/lib/avr5/crtatmega32.o
 *(.init2)
 *(.init3)
 *(.init3)
 *(.init4)
 .init4         0x0000000000000060       0x16 /usr/lib/gcc/avr/12.1.0/avr5/libgcc.a(_copy_data.o)
                0x0000000000000060                __do_copy_data
 .init4         0x0000000000000076       0x10 /usr/lib/gcc/avr/12.1.0/avr5/libgcc.a(_clear_bss.o)
                0x0000000000000076                __do_clear_bss
 *(.init4)
 *(.init5)
 *(.init5)
 *(.init6)
 *(.init6)
 *(.init7)
 *(.init7)
 *(.init8)
 *(.init8)
 *(.init9)
 .init9         0x0000000000000086        0x8 /usr/lib/gcc/avr/12.1.0/../../../../avr/lib/avr5/crtatmega32.o
 *(.init9)
 *(.text)
 .text          0x000000000000008e        0x4 /usr/lib/gcc/avr/12.1.0/../../../../avr/lib/avr5/crtatmega32.o
                0x000000000000008e                __vector_12
                0x000000000000008e                __bad_interrupt
                0x000000000000008e                __vector_6
                0x000000000000008e                __vector_11
                0x000000000000008e                __vector_13
                0x000000000000008e                __vector_17
                0x000000000000008e                __vector_19
                0x000000000000008e                __vector_7
                0x000000000000008e                __vector_5
                0x000000000000008e                __vector_4
                0x000000000000008e                __vector_9
                0x000000000000008e                __vector_15
                0x000000000000008e                __vector_8
                0x000000000000008e                __vector_14
                0x000000000000008e                __vector_10
                0x000000000000008e                __vector_16
                0x000000000000008e                __vector_18
                0x000000000000008e                __vector_20
 .text          0x0000000000000092        0x0 ./MCAL/GIE/GIE_PROGRAM.o
 .text          0x0000000000000092        0x0 ./MCAL/EXTI/EXTI_PROGRAM.o
 .text          0x0000000000000092        0x0 ./MCAL/DIO/DIO_PROGRAM.o
 .text          0x0000000000000092        0x0 ./HAL/STEPPER/STEPPER_PROGRAM.o
 .text          0x0000000000000092        0x0 ./HAL/LCD/LCD_PROGRAM.o
 .text          0x0000000000000092        0x0 ./HAL/KPD/KPD_PROGRAM.o
 .text          0x0000000000000092        0x0 ./APP/main.o
 .text          0x0000000000000092        0x0 /usr/lib/gcc/avr/12.1.0/avr5/libgcc.a(_divmodsi4.o)
 .text          0x0000000000000092        0x0 /usr/lib/gcc/avr/12.1.0/avr5/libgcc.a(_negsi2.o)
 .text          0x0000000000000092        0x0 /usr/lib/gcc/avr/12.1.0/avr5/libgcc.a(_exit.o)
 .text          0x0000000000000092        0x0 /usr/lib/gcc/avr/12.1.0/avr5/libgcc.a(_tablejump2.o)
 .text          0x0000000000000092        0x0 /usr/lib/gcc/avr/12.1.0/avr5/libgcc.a(_copy_data.o)
 .text          0x0000000000000092        0x0 /usr/lib/gcc/avr/12.1.0/avr5/libgcc.a(_clear_bss.o)
 .text          0x0000000000000092        0x0 /usr/lib/gcc/avr/12.1.0/avr5/libgcc.a(_udivmodsi4.o)
 .text          0x0000000000000092        0x0 /usr/lib/gcc/avr/12.1.0/../../../../avr/lib/avr5/libm.a(cmpsf2.o)
 .text          0x0000000000000092        0x0 /usr/lib/gcc/avr/12.1.0/../../../../avr/lib/avr5/libm.a(fixunssfsi.o)
 .text          0x0000000000000092        0x0 /usr/lib/gcc/avr/12.1.0/../../../../avr/lib/avr5/libm.a(fp_cmp.o)
 .text          0x0000000000000092        0x0 /usr/lib/gcc/avr/12.1.0/../../../../avr/lib/avr5/libm.a(fp_split3.o)
 .text          0x0000000000000092        0x0 /usr/lib/gcc/avr/12.1.0/../../../../avr/lib/avr5/libm.a(fp_zero.o)
 .text          0x0000000000000092        0x0 /usr/lib/gcc/avr/12.1.0/../../../../avr/lib/avr5/libm.a(gesf2.o)
 .text          0x0000000000000092        0x0 /usr/lib/gcc/avr/12.1.0/../../../../avr/lib/avr5/libm.a(mulsf3.o)
 .text          0x0000000000000092        0x0 /usr/lib/gcc/avr/12.1.0/../../../../avr/lib/avr5/libm.a(mulsf3x.o)
 .text          0x0000000000000092        0x0 /usr/lib/gcc/avr/12.1.0/../../../../avr/lib/avr5/libm.a(fp_inf.o)
 .text          0x0000000000000092        0x0 /usr/lib/gcc/avr/12.1.0/../../../../avr/lib/avr5/libm.a(fp_nan.o)
 .text          0x0000000000000092        0x0 /usr/lib/gcc/avr/12.1.0/../../../../avr/lib/avr5/libm.a(fp_pscA.o)
 .text          0x0000000000000092        0x0 /usr/lib/gcc/avr/12.1.0/../../../../avr/lib/avr5/libm.a(fp_pscB.o)
 .text          0x0000000000000092        0x0 /usr/lib/gcc/avr/12.1.0/../../../../avr/lib/avr5/libm.a(fp_round.o)
                0x0000000000000092                . = ALIGN (0x2)
 *(.text.*)
 .text.GIE_Enable
                0x0000000000000092       0x22 ./MCAL/GIE/GIE_PROGRAM.o
                0x0000000000000092                GIE_Enable
 .text.GIE_Disable
                0x00000000000000b4       0x22 ./MCAL/GIE/GIE_PROGRAM.o
                0x00000000000000b4                GIE_Disable
 .text.EXTI_INT0_Init
                0x00000000000000d6       0x22 ./MCAL/EXTI/EXTI_PROGRAM.o
                0x00000000000000d6                EXTI_INT0_Init
 .text.EXTI_INT1_Init
                0x00000000000000f8       0x22 ./MCAL/EXTI/EXTI_PROGRAM.o
                0x00000000000000f8                EXTI_INT1_Init
 .text.EXTI_INT2_Init
                0x000000000000011a       0x22 ./MCAL/EXTI/EXTI_PROGRAM.o
                0x000000000000011a                EXTI_INT2_Init
 .text.EXTI_CallBackFunction
                0x000000000000013c       0x40 ./MCAL/EXTI/EXTI_PROGRAM.o
                0x000000000000013c                EXTI_CallBackFunction
 .text.__vector_1
                0x000000000000017c       0x6a ./MCAL/EXTI/EXTI_PROGRAM.o
                0x000000000000017c                __vector_1
 .text.__vector_2
                0x00000000000001e6       0x6a ./MCAL/EXTI/EXTI_PROGRAM.o
                0x00000000000001e6                __vector_2
 .text.__vector_3
                0x0000000000000250       0x6a ./MCAL/EXTI/EXTI_PROGRAM.o
                0x0000000000000250                __vector_3
 .text.EXTI_Disable_INT
                0x00000000000002ba       0x72 ./MCAL/EXTI/EXTI_PROGRAM.o
                0x00000000000002ba                EXTI_Disable_INT
 .text.EXTI_SetTrigger
                0x000000000000032c       0xe4 ./MCAL/EXTI/EXTI_PROGRAM.o
                0x000000000000032c                EXTI_SetTrigger
 .text.DIO_SetPinDiriction
                0x0000000000000410      0x202 ./MCAL/DIO/DIO_PROGRAM.o
                0x0000000000000410                DIO_SetPinDiriction
 .text.DIO_SetPinValue
                0x0000000000000612      0x202 ./MCAL/DIO/DIO_PROGRAM.o
                0x0000000000000612                DIO_SetPinValue
 .text.DIO_GetPinValue
                0x0000000000000814       0xd4 ./MCAL/DIO/DIO_PROGRAM.o
                0x0000000000000814                DIO_GetPinValue
 .text.DIO_SetPortDiriction
                0x00000000000008e8       0x7a ./MCAL/DIO/DIO_PROGRAM.o
                0x00000000000008e8                DIO_SetPortDiriction
 .text.DIO_SetPortValue
                0x0000000000000962       0x7a ./MCAL/DIO/DIO_PROGRAM.o
                0x0000000000000962                DIO_SetPortValue
 .text.DIO_GetPortValue
                0x00000000000009dc       0x6c ./MCAL/DIO/DIO_PROGRAM.o
                0x00000000000009dc                DIO_GetPortValue
 .text.STEPPER_Init
                0x0000000000000a48       0x38 ./HAL/STEPPER/STEPPER_PROGRAM.o
                0x0000000000000a48                STEPPER_Init
 .text.STEPPER_FullStep
                0x0000000000000a80      0x8aa ./HAL/STEPPER/STEPPER_PROGRAM.o
                0x0000000000000a80                STEPPER_FullStep
 .text.STEPPER_HalfStep
                0x000000000000132a     0x11f6 ./HAL/STEPPER/STEPPER_PROGRAM.o
                0x000000000000132a                STEPPER_HalfStep
 .text.LCD_Init
                0x0000000000002520      0x5ac ./HAL/LCD/LCD_PROGRAM.o
                0x0000000000002520                LCD_Init
 .text.LCD_WriteCommand
                0x0000000000002acc      0x636 ./HAL/LCD/LCD_PROGRAM.o
                0x0000000000002acc                LCD_WriteCommand
 .text.LCD_WriteData
                0x0000000000003102      0x62c ./HAL/LCD/LCD_PROGRAM.o
                0x0000000000003102                LCD_WriteData
 .text.LCD_WriteString
                0x000000000000372e       0x56 ./HAL/LCD/LCD_PROGRAM.o
                0x000000000000372e                LCD_WriteString
 .text.LCD_GoToXY
                0x0000000000003784       0x3e ./HAL/LCD/LCD_PROGRAM.o
                0x0000000000003784                LCD_GoToXY
 .text.LCD_WriteDigits
                0x00000000000037c2      0x192 ./HAL/LCD/LCD_PROGRAM.o
                0x00000000000037c2                LCD_WriteDigits
 .text.LCD_WriteSpecial
                0x0000000000003954       0x80 ./HAL/LCD/LCD_PROGRAM.o
                0x0000000000003954                LCD_WriteSpecial
 .text.KPD_GetPressedKey
                0x00000000000039d4      0x13a ./HAL/KPD/KPD_PROGRAM.o
                0x00000000000039d4                KPD_GetPressedKey
 .text.main     0x0000000000003b0e       0xa0 ./APP/main.o
                0x0000000000003b0e                main
 .text.Login    0x0000000000003bae     0x1a14 ./APP/main.o
                0x0000000000003bae                Login
 .text.checkUser1Pass
                0x00000000000055c2      0x1aa ./APP/main.o
                0x00000000000055c2                checkUser1Pass
 .text.checkUser2Pass
                0x000000000000576c      0x1aa ./APP/main.o
                0x000000000000576c                checkUser2Pass
 .text.checkUser3Pass
                0x0000000000005916      0x1aa ./APP/main.o
                0x0000000000005916                checkUser3Pass
 .text.options  0x0000000000005ac0       0x96 ./APP/main.o
                0x0000000000005ac0                options
 .text.getOption
                0x0000000000005b56       0x22 ./APP/main.o
                0x0000000000005b56                getOption
 .text.getPass  0x0000000000005b78      0x1e4 ./APP/main.o
                0x0000000000005b78                getPass
 .text.room1On  0x0000000000005d5c       0x1a ./APP/main.o
                0x0000000000005d5c                room1On
 .text.room1Off
                0x0000000000005d76       0x1a ./APP/main.o
                0x0000000000005d76                room1Off
 .text.room2On  0x0000000000005d90       0x1a ./APP/main.o
                0x0000000000005d90                room2On
 .text.room2Off
                0x0000000000005daa       0x1a ./APP/main.o
                0x0000000000005daa                room2Off
 .text.room3On  0x0000000000005dc4       0x1a ./APP/main.o
                0x0000000000005dc4                room3On
 .text.room3Off
                0x0000000000005dde       0x1a ./APP/main.o
                0x0000000000005dde                room3Off
 .text.roomOptions
                0x0000000000005df8       0xd8 ./APP/main.o
                0x0000000000005df8                roomOptions
 .text.libgcc.mul
                0x0000000000005ed0        0x0 /usr/lib/gcc/avr/12.1.0/avr5/libgcc.a(_divmodsi4.o)
 .text.libgcc.div
                0x0000000000005ed0       0x2e /usr/lib/gcc/avr/12.1.0/avr5/libgcc.a(_divmodsi4.o)
                0x0000000000005ed0                __divmodsi4
 .text.libgcc   0x0000000000005efe        0x0 /usr/lib/gcc/avr/12.1.0/avr5/libgcc.a(_divmodsi4.o)
 .text.libgcc.prologue
                0x0000000000005efe        0x0 /usr/lib/gcc/avr/12.1.0/avr5/libgcc.a(_divmodsi4.o)
 .text.libgcc.builtins
                0x0000000000005efe        0x0 /usr/lib/gcc/avr/12.1.0/avr5/libgcc.a(_divmodsi4.o)
 .text.libgcc.fmul
                0x0000000000005efe        0x0 /usr/lib/gcc/avr/12.1.0/avr5/libgcc.a(_divmodsi4.o)
 .text.libgcc.fixed
                0x0000000000005efe        0x0 /usr/lib/gcc/avr/12.1.0/avr5/libgcc.a(_divmodsi4.o)
 .text.libgcc.mul
                0x0000000000005efe        0x0 /usr/lib/gcc/avr/12.1.0/avr5/libgcc.a(_negsi2.o)
 .text.libgcc.div
                0x0000000000005efe       0x10 /usr/lib/gcc/avr/12.1.0/avr5/libgcc.a(_negsi2.o)
                0x0000000000005efe                __negsi2
 .text.libgcc   0x0000000000005f0e        0x0 /usr/lib/gcc/avr/12.1.0/avr5/libgcc.a(_negsi2.o)
 .text.libgcc.prologue
                0x0000000000005f0e        0x0 /usr/lib/gcc/avr/12.1.0/avr5/libgcc.a(_negsi2.o)
 .text.libgcc.builtins
                0x0000000000005f0e        0x0 /usr/lib/gcc/avr/12.1.0/avr5/libgcc.a(_negsi2.o)
 .text.libgcc.fmul
                0x0000000000005f0e        0x0 /usr/lib/gcc/avr/12.1.0/avr5/libgcc.a(_negsi2.o)
 .text.libgcc.fixed
                0x0000000000005f0e        0x0 /usr/lib/gcc/avr/12.1.0/avr5/libgcc.a(_negsi2.o)
 .text.libgcc.mul
                0x0000000000005f0e        0x0 /usr/lib/gcc/avr/12.1.0/avr5/libgcc.a(_exit.o)
 .text.libgcc.div
                0x0000000000005f0e        0x0 /usr/lib/gcc/avr/12.1.0/avr5/libgcc.a(_exit.o)
 .text.libgcc   0x0000000000005f0e        0x0 /usr/lib/gcc/avr/12.1.0/avr5/libgcc.a(_exit.o)
 .text.libgcc.prologue
                0x0000000000005f0e        0x0 /usr/lib/gcc/avr/12.1.0/avr5/libgcc.a(_exit.o)
 .text.libgcc.builtins
                0x0000000000005f0e        0x0 /usr/lib/gcc/avr/12.1.0/avr5/libgcc.a(_exit.o)
 .text.libgcc.fmul
                0x0000000000005f0e        0x0 /usr/lib/gcc/avr/12.1.0/avr5/libgcc.a(_exit.o)
 .text.libgcc.fixed
                0x0000000000005f0e        0x0 /usr/lib/gcc/avr/12.1.0/avr5/libgcc.a(_exit.o)
 .text.libgcc.mul
                0x0000000000005f0e        0x0 /usr/lib/gcc/avr/12.1.0/avr5/libgcc.a(_tablejump2.o)
 .text.libgcc.div
                0x0000000000005f0e        0x0 /usr/lib/gcc/avr/12.1.0/avr5/libgcc.a(_tablejump2.o)
 .text.libgcc   0x0000000000005f0e        0xc /usr/lib/gcc/avr/12.1.0/avr5/libgcc.a(_tablejump2.o)
                0x0000000000005f0e                __tablejump2__
 .text.libgcc.prologue
                0x0000000000005f1a        0x0 /usr/lib/gcc/avr/12.1.0/avr5/libgcc.a(_tablejump2.o)
 .text.libgcc.builtins
                0x0000000000005f1a        0x0 /usr/lib/gcc/avr/12.1.0/avr5/libgcc.a(_tablejump2.o)
 .text.libgcc.fmul
                0x0000000000005f1a        0x0 /usr/lib/gcc/avr/12.1.0/avr5/libgcc.a(_tablejump2.o)
 .text.libgcc.fixed
                0x0000000000005f1a        0x0 /usr/lib/gcc/avr/12.1.0/avr5/libgcc.a(_tablejump2.o)
 .text.libgcc.mul
                0x0000000000005f1a        0x0 /usr/lib/gcc/avr/12.1.0/avr5/libgcc.a(_copy_data.o)
 .text.libgcc.div
                0x0000000000005f1a        0x0 /usr/lib/gcc/avr/12.1.0/avr5/libgcc.a(_copy_data.o)
 .text.libgcc   0x0000000000005f1a        0x0 /usr/lib/gcc/avr/12.1.0/avr5/libgcc.a(_copy_data.o)
 .text.libgcc.prologue
                0x0000000000005f1a        0x0 /usr/lib/gcc/avr/12.1.0/avr5/libgcc.a(_copy_data.o)
 .text.libgcc.builtins
                0x0000000000005f1a        0x0 /usr/lib/gcc/avr/12.1.0/avr5/libgcc.a(_copy_data.o)
 .text.libgcc.fmul
                0x0000000000005f1a        0x0 /usr/lib/gcc/avr/12.1.0/avr5/libgcc.a(_copy_data.o)
 .text.libgcc.fixed
                0x0000000000005f1a        0x0 /usr/lib/gcc/avr/12.1.0/avr5/libgcc.a(_copy_data.o)
 .text.libgcc.mul
                0x0000000000005f1a        0x0 /usr/lib/gcc/avr/12.1.0/avr5/libgcc.a(_clear_bss.o)
 .text.libgcc.div
                0x0000000000005f1a        0x0 /usr/lib/gcc/avr/12.1.0/avr5/libgcc.a(_clear_bss.o)
 .text.libgcc   0x0000000000005f1a        0x0 /usr/lib/gcc/avr/12.1.0/avr5/libgcc.a(_clear_bss.o)
 .text.libgcc.prologue
                0x0000000000005f1a        0x0 /usr/lib/gcc/avr/12.1.0/avr5/libgcc.a(_clear_bss.o)
 .text.libgcc.builtins
                0x0000000000005f1a        0x0 /usr/lib/gcc/avr/12.1.0/avr5/libgcc.a(_clear_bss.o)
 .text.libgcc.fmul
                0x0000000000005f1a        0x0 /usr/lib/gcc/avr/12.1.0/avr5/libgcc.a(_clear_bss.o)
 .text.libgcc.fixed
                0x0000000000005f1a        0x0 /usr/lib/gcc/avr/12.1.0/avr5/libgcc.a(_clear_bss.o)
 .text.libgcc.mul
                0x0000000000005f1a        0x0 /usr/lib/gcc/avr/12.1.0/avr5/libgcc.a(_udivmodsi4.o)
 .text.libgcc.div
                0x0000000000005f1a       0x44 /usr/lib/gcc/avr/12.1.0/avr5/libgcc.a(_udivmodsi4.o)
                0x0000000000005f1a                __udivmodsi4
 .text.libgcc   0x0000000000005f5e        0x0 /usr/lib/gcc/avr/12.1.0/avr5/libgcc.a(_udivmodsi4.o)
 .text.libgcc.prologue
                0x0000000000005f5e        0x0 /usr/lib/gcc/avr/12.1.0/avr5/libgcc.a(_udivmodsi4.o)
 .text.libgcc.builtins
                0x0000000000005f5e        0x0 /usr/lib/gcc/avr/12.1.0/avr5/libgcc.a(_udivmodsi4.o)
 .text.libgcc.fmul
                0x0000000000005f5e        0x0 /usr/lib/gcc/avr/12.1.0/avr5/libgcc.a(_udivmodsi4.o)
 .text.libgcc.fixed
                0x0000000000005f5e        0x0 /usr/lib/gcc/avr/12.1.0/avr5/libgcc.a(_udivmodsi4.o)
 .text.avr-libc.fplib
                0x0000000000005f5e        0xa /usr/lib/gcc/avr/12.1.0/../../../../avr/lib/avr5/libm.a(cmpsf2.o)
                0x0000000000005f5e                __lesf2
                0x0000000000005f5e                __nesf2
                0x0000000000005f5e                __eqsf2
                0x0000000000005f5e                __cmpsf2
                0x0000000000005f5e                __ltsf2
 .text.avr-libc.fplib
                0x0000000000005f68       0x5e /usr/lib/gcc/avr/12.1.0/../../../../avr/lib/avr5/libm.a(fixunssfsi.o)
                0x0000000000005f68                __fixunssfsi
 .text.avr-libc.fplib
                0x0000000000005fc6       0x48 /usr/lib/gcc/avr/12.1.0/../../../../avr/lib/avr5/libm.a(fp_cmp.o)
                0x0000000000005fc6                __fp_cmp
 .text.avr-libc.fplib
                0x000000000000600e       0x44 /usr/lib/gcc/avr/12.1.0/../../../../avr/lib/avr5/libm.a(fp_split3.o)
                0x000000000000600e                __fp_split3
                0x000000000000601e                __fp_splitA
 .text.avr-libc.fplib
                0x0000000000006052        0xe /usr/lib/gcc/avr/12.1.0/../../../../avr/lib/avr5/libm.a(fp_zero.o)
                0x0000000000006052                __fp_zero
                0x0000000000006054                __fp_szero
 .text.avr-libc.fplib
                0x0000000000006060        0xa /usr/lib/gcc/avr/12.1.0/../../../../avr/lib/avr5/libm.a(gesf2.o)
                0x0000000000006060                __gtsf2
                0x0000000000006060                __gesf2
 .text.avr-libc.fplib
                0x000000000000606a        0x8 /usr/lib/gcc/avr/12.1.0/../../../../avr/lib/avr5/libm.a(mulsf3.o)
                0x000000000000606a                __mulsf3
 .text.avr-libc.fplib
                0x0000000000006072       0xd2 /usr/lib/gcc/avr/12.1.0/../../../../avr/lib/avr5/libm.a(mulsf3x.o)
                0x0000000000006090                __mulsf3x
                0x0000000000006096                __mulsf3_pse
 .text.avr-libc.fplib
                0x0000000000006144        0xc /usr/lib/gcc/avr/12.1.0/../../../../avr/lib/avr5/libm.a(fp_inf.o)
                0x0000000000006144                __fp_inf
 .text.avr-libc.fplib
                0x0000000000006150        0x6 /usr/lib/gcc/avr/12.1.0/../../../../avr/lib/avr5/libm.a(fp_nan.o)
                0x0000000000006150                __fp_nan
 .text.avr-libc.fplib
                0x0000000000006156        0xe /usr/lib/gcc/avr/12.1.0/../../../../avr/lib/avr5/libm.a(fp_pscA.o)
                0x0000000000006156                __fp_pscA
 .text.avr-libc.fplib
                0x0000000000006164        0xe /usr/lib/gcc/avr/12.1.0/../../../../avr/lib/avr5/libm.a(fp_pscB.o)
                0x0000000000006164                __fp_pscB
 .text.avr-libc.fplib
                0x0000000000006172       0x22 /usr/lib/gcc/avr/12.1.0/../../../../avr/lib/avr5/libm.a(fp_round.o)
                0x0000000000006172                __fp_round
                0x0000000000006194                . = ALIGN (0x2)
 *(.fini9)
 .fini9         0x0000000000006194        0x0 /usr/lib/gcc/avr/12.1.0/avr5/libgcc.a(_exit.o)
                0x0000000000006194                exit
                0x0000000000006194                _exit
 *(.fini9)
 *(.fini8)
 *(.fini8)
 *(.fini7)
 *(.fini7)
 *(.fini6)
 *(.fini6)
 *(.fini5)
 *(.fini5)
 *(.fini4)
 *(.fini4)
 *(.fini3)
 *(.fini3)
 *(.fini2)
 *(.fini2)
 *(.fini1)
 *(.fini1)
 *(.fini0)
 .fini0         0x0000000000006194        0x4 /usr/lib/gcc/avr/12.1.0/avr5/libgcc.a(_exit.o)
 *(.fini0)
 *(.hightext)
 *(.hightext*)
 *(.progmemx.*)
                0x0000000000006198                . = ALIGN (0x2)
 *(.jumptables)
 *(.jumptables*)
 .jumptables.gcc.STEPPER_HalfStep
                0x0000000000006198       0x1a ./HAL/STEPPER/STEPPER_PROGRAM.o
                0x00000000000061b2                _etext = .

.data           0x0000000000800060       0xd6 load address 0x00000000000061b2
                0x0000000000800060                PROVIDE (__data_start = .)
 *(.data)
 .data          0x0000000000800060        0x0 /usr/lib/gcc/avr/12.1.0/../../../../avr/lib/avr5/crtatmega32.o
 .data          0x0000000000800060        0x0 ./MCAL/GIE/GIE_PROGRAM.o
 .data          0x0000000000800060        0x0 ./MCAL/EXTI/EXTI_PROGRAM.o
 .data          0x0000000000800060        0x0 ./MCAL/DIO/DIO_PROGRAM.o
 .data          0x0000000000800060        0x0 ./HAL/STEPPER/STEPPER_PROGRAM.o
 .data          0x0000000000800060        0x0 ./HAL/LCD/LCD_PROGRAM.o
 .data          0x0000000000800060        0x0 ./HAL/KPD/KPD_PROGRAM.o
 .data          0x0000000000800060        0x0 ./APP/main.o
 .data          0x0000000000800060        0x0 /usr/lib/gcc/avr/12.1.0/avr5/libgcc.a(_divmodsi4.o)
 .data          0x0000000000800060        0x0 /usr/lib/gcc/avr/12.1.0/avr5/libgcc.a(_negsi2.o)
 .data          0x0000000000800060        0x0 /usr/lib/gcc/avr/12.1.0/avr5/libgcc.a(_exit.o)
 .data          0x0000000000800060        0x0 /usr/lib/gcc/avr/12.1.0/avr5/libgcc.a(_tablejump2.o)
 .data          0x0000000000800060        0x0 /usr/lib/gcc/avr/12.1.0/avr5/libgcc.a(_copy_data.o)
 .data          0x0000000000800060        0x0 /usr/lib/gcc/avr/12.1.0/avr5/libgcc.a(_clear_bss.o)
 .data          0x0000000000800060        0x0 /usr/lib/gcc/avr/12.1.0/avr5/libgcc.a(_udivmodsi4.o)
 .data          0x0000000000800060        0x0 /usr/lib/gcc/avr/12.1.0/../../../../avr/lib/avr5/libm.a(cmpsf2.o)
 .data          0x0000000000800060        0x0 /usr/lib/gcc/avr/12.1.0/../../../../avr/lib/avr5/libm.a(fixunssfsi.o)
 .data          0x0000000000800060        0x0 /usr/lib/gcc/avr/12.1.0/../../../../avr/lib/avr5/libm.a(fp_cmp.o)
 .data          0x0000000000800060        0x0 /usr/lib/gcc/avr/12.1.0/../../../../avr/lib/avr5/libm.a(fp_split3.o)
 .data          0x0000000000800060        0x0 /usr/lib/gcc/avr/12.1.0/../../../../avr/lib/avr5/libm.a(fp_zero.o)
 .data          0x0000000000800060        0x0 /usr/lib/gcc/avr/12.1.0/../../../../avr/lib/avr5/libm.a(gesf2.o)
 .data          0x0000000000800060        0x0 /usr/lib/gcc/avr/12.1.0/../../../../avr/lib/avr5/libm.a(mulsf3.o)
 .data          0x0000000000800060        0x0 /usr/lib/gcc/avr/12.1.0/../../../../avr/lib/avr5/libm.a(mulsf3x.o)
 .data          0x0000000000800060        0x0 /usr/lib/gcc/avr/12.1.0/../../../../avr/lib/avr5/libm.a(fp_inf.o)
 .data          0x0000000000800060        0x0 /usr/lib/gcc/avr/12.1.0/../../../../avr/lib/avr5/libm.a(fp_nan.o)
 .data          0x0000000000800060        0x0 /usr/lib/gcc/avr/12.1.0/../../../../avr/lib/avr5/libm.a(fp_pscA.o)
 .data          0x0000000000800060        0x0 /usr/lib/gcc/avr/12.1.0/../../../../avr/lib/avr5/libm.a(fp_pscB.o)
 .data          0x0000000000800060        0x0 /usr/lib/gcc/avr/12.1.0/../../../../avr/lib/avr5/libm.a(fp_round.o)
 *(.data*)
 .data.savedpass1
                0x0000000000800060        0x4 ./APP/main.o
                0x0000000000800060                savedpass1
 .data.savedpass2
                0x0000000000800064        0x4 ./APP/main.o
                0x0000000000800064                savedpass2
 *(.gnu.linkonce.d*)
 *(.rodata)
 .rodata        0x0000000000800068       0x10 ./HAL/KPD/KPD_PROGRAM.o
 .rodata        0x0000000000800078       0xbe ./APP/main.o
 *(.rodata*)
 *(.gnu.linkonce.r*)
                0x0000000000800136                . = ALIGN (0x2)
                0x0000000000800136                _edata = .
                0x0000000000800136                PROVIDE (__data_end = .)

.bss            0x0000000000800136        0xb
                0x0000000000800136                PROVIDE (__bss_start = .)
 *(.bss)
 .bss           0x0000000000800136        0x0 /usr/lib/gcc/avr/12.1.0/../../../../avr/lib/avr5/crtatmega32.o
 .bss           0x0000000000800136        0x0 ./MCAL/GIE/GIE_PROGRAM.o
 .bss           0x0000000000800136        0x0 ./MCAL/EXTI/EXTI_PROGRAM.o
 .bss           0x0000000000800136        0x0 ./MCAL/DIO/DIO_PROGRAM.o
 .bss           0x0000000000800136        0x0 ./HAL/STEPPER/STEPPER_PROGRAM.o
 .bss           0x0000000000800136        0x0 ./HAL/LCD/LCD_PROGRAM.o
 .bss           0x0000000000800136        0x0 ./HAL/KPD/KPD_PROGRAM.o
 .bss           0x0000000000800136        0x0 ./APP/main.o
 .bss           0x0000000000800136        0x0 /usr/lib/gcc/avr/12.1.0/avr5/libgcc.a(_divmodsi4.o)
 .bss           0x0000000000800136        0x0 /usr/lib/gcc/avr/12.1.0/avr5/libgcc.a(_negsi2.o)
 .bss           0x0000000000800136        0x0 /usr/lib/gcc/avr/12.1.0/avr5/libgcc.a(_exit.o)
 .bss           0x0000000000800136        0x0 /usr/lib/gcc/avr/12.1.0/avr5/libgcc.a(_tablejump2.o)
 .bss           0x0000000000800136        0x0 /usr/lib/gcc/avr/12.1.0/avr5/libgcc.a(_copy_data.o)
 .bss           0x0000000000800136        0x0 /usr/lib/gcc/avr/12.1.0/avr5/libgcc.a(_clear_bss.o)
 .bss           0x0000000000800136        0x0 /usr/lib/gcc/avr/12.1.0/avr5/libgcc.a(_udivmodsi4.o)
 .bss           0x0000000000800136        0x0 /usr/lib/gcc/avr/12.1.0/../../../../avr/lib/avr5/libm.a(cmpsf2.o)
 .bss           0x0000000000800136        0x0 /usr/lib/gcc/avr/12.1.0/../../../../avr/lib/avr5/libm.a(fixunssfsi.o)
 .bss           0x0000000000800136        0x0 /usr/lib/gcc/avr/12.1.0/../../../../avr/lib/avr5/libm.a(fp_cmp.o)
 .bss           0x0000000000800136        0x0 /usr/lib/gcc/avr/12.1.0/../../../../avr/lib/avr5/libm.a(fp_split3.o)
 .bss           0x0000000000800136        0x0 /usr/lib/gcc/avr/12.1.0/../../../../avr/lib/avr5/libm.a(fp_zero.o)
 .bss           0x0000000000800136        0x0 /usr/lib/gcc/avr/12.1.0/../../../../avr/lib/avr5/libm.a(gesf2.o)
 .bss           0x0000000000800136        0x0 /usr/lib/gcc/avr/12.1.0/../../../../avr/lib/avr5/libm.a(mulsf3.o)
 .bss           0x0000000000800136        0x0 /usr/lib/gcc/avr/12.1.0/../../../../avr/lib/avr5/libm.a(mulsf3x.o)
 .bss           0x0000000000800136        0x0 /usr/lib/gcc/avr/12.1.0/../../../../avr/lib/avr5/libm.a(fp_inf.o)
 .bss           0x0000000000800136        0x0 /usr/lib/gcc/avr/12.1.0/../../../../avr/lib/avr5/libm.a(fp_nan.o)
 .bss           0x0000000000800136        0x0 /usr/lib/gcc/avr/12.1.0/../../../../avr/lib/avr5/libm.a(fp_pscA.o)
 .bss           0x0000000000800136        0x0 /usr/lib/gcc/avr/12.1.0/../../../../avr/lib/avr5/libm.a(fp_pscB.o)
 .bss           0x0000000000800136        0x0 /usr/lib/gcc/avr/12.1.0/../../../../avr/lib/avr5/libm.a(fp_round.o)
 *(.bss*)
 .bss.INT_CallBack
                0x0000000000800136        0x6 ./MCAL/EXTI/EXTI_PROGRAM.o
 .bss.init_flag
                0x000000000080013c        0x1 ./HAL/LCD/LCD_PROGRAM.o
                0x000000000080013c                init_flag
 .bss.savedpass3
                0x000000000080013d        0x4 ./APP/main.o
                0x000000000080013d                savedpass3
 *(COMMON)
                0x0000000000800141                PROVIDE (__bss_end = .)
                0x00000000000061b2                __data_load_start = LOADADDR (.data)
                0x0000000000006288                __data_load_end = (__data_load_start + SIZEOF (.data))

.noinit         0x0000000000800141        0x0
                [!provide]                        PROVIDE (__noinit_start = .)
 *(.noinit .noinit.* .gnu.linkonce.n.*)
                [!provide]                        PROVIDE (__noinit_end = .)
                0x0000000000800141                _end = .
                [!provide]                        PROVIDE (__heap_start = .)

.eeprom         0x0000000000810000        0x0
 *(.eeprom*)
                0x0000000000810000                __eeprom_end = .

.fuse
 *(.fuse)
 *(.lfuse)
 *(.hfuse)
 *(.efuse)

.lock
 *(.lock*)

.signature
 *(.signature*)

.stab           0x0000000000000000     0x5010
 *(.stab)
 .stab          0x0000000000000000       0xb4 ./MCAL/GIE/GIE_PROGRAM.o
 .stab          0x00000000000000b4      0x3a8 ./MCAL/EXTI/EXTI_PROGRAM.o
                                        0x3b4 (size before relaxing)
 .stab          0x000000000000045c      0x6a8 ./MCAL/DIO/DIO_PROGRAM.o
                                        0x6b4 (size before relaxing)
 .stab          0x0000000000000b04     0x1200 ./HAL/STEPPER/STEPPER_PROGRAM.o
                                       0x120c (size before relaxing)
 .stab          0x0000000000001d04     0x1320 ./HAL/LCD/LCD_PROGRAM.o
                                       0x132c (size before relaxing)
 .stab          0x0000000000003024      0x21c ./HAL/KPD/KPD_PROGRAM.o
                                        0x228 (size before relaxing)
 .stab          0x0000000000003240     0x1dd0 ./APP/main.o
                                       0x1ddc (size before relaxing)

.stabstr        0x0000000000000000      0xd70
 *(.stabstr)
 .stabstr       0x0000000000000000      0xd70 ./MCAL/GIE/GIE_PROGRAM.o

.stab.excl
 *(.stab.excl)

.stab.exclstr
 *(.stab.exclstr)

.stab.index
 *(.stab.index)

.stab.indexstr
 *(.stab.indexstr)

.comment        0x0000000000000000       0x12
 *(.comment)
 .comment       0x0000000000000000       0x12 ./MCAL/GIE/GIE_PROGRAM.o
                                         0x13 (size before relaxing)
 .comment       0x0000000000000012       0x13 ./MCAL/EXTI/EXTI_PROGRAM.o
 .comment       0x0000000000000012       0x13 ./MCAL/DIO/DIO_PROGRAM.o
 .comment       0x0000000000000012       0x13 ./HAL/STEPPER/STEPPER_PROGRAM.o
 .comment       0x0000000000000012       0x13 ./HAL/LCD/LCD_PROGRAM.o
 .comment       0x0000000000000012       0x13 ./HAL/KPD/KPD_PROGRAM.o
 .comment       0x0000000000000012       0x13 ./APP/main.o

.note.gnu.avr.deviceinfo
                0x0000000000000000       0x3c
 .note.gnu.avr.deviceinfo
                0x0000000000000000       0x3c /usr/lib/gcc/avr/12.1.0/../../../../avr/lib/avr5/crtatmega32.o

.note.gnu.build-id
 *(.note.gnu.build-id)

.debug
 *(.debug)

.line
 *(.line)

.debug_srcinfo
 *(.debug_srcinfo)

.debug_sfnames
 *(.debug_sfnames)

.debug_aranges
 *(.debug_aranges)

.debug_pubnames
 *(.debug_pubnames)

.debug_info     0x0000000000000000      0x4e6
 *(.debug_info .gnu.linkonce.wi.*)
 .debug_info    0x0000000000000000      0x4e6 /usr/lib/gcc/avr/12.1.0/../../../../avr/lib/avr5/crtatmega32.o

.debug_abbrev   0x0000000000000000      0x4a3
 *(.debug_abbrev)
 .debug_abbrev  0x0000000000000000      0x4a3 /usr/lib/gcc/avr/12.1.0/../../../../avr/lib/avr5/crtatmega32.o

.debug_line     0x0000000000000000       0x1d
 *(.debug_line .debug_line.* .debug_line_end)
 .debug_line    0x0000000000000000       0x1d /usr/lib/gcc/avr/12.1.0/../../../../avr/lib/avr5/crtatmega32.o

.debug_frame
 *(.debug_frame)

.debug_str      0x0000000000000000      0x196
 *(.debug_str)
 .debug_str     0x0000000000000000      0x196 /usr/lib/gcc/avr/12.1.0/../../../../avr/lib/avr5/crtatmega32.o

.debug_loc
 *(.debug_loc)

.debug_macinfo
 *(.debug_macinfo)

.debug_weaknames
 *(.debug_weaknames)

.debug_funcnames
 *(.debug_funcnames)

.debug_typenames
 *(.debug_typenames)

.debug_varnames
 *(.debug_varnames)

.debug_pubtypes
 *(.debug_pubtypes)

.debug_ranges
 *(.debug_ranges)

.debug_addr
 *(.debug_addr)

.debug_line_str
 *(.debug_line_str)

.debug_loclists
 *(.debug_loclists)

.debug_macro
 *(.debug_macro)

.debug_names
 *(.debug_names)

.debug_rnglists
 *(.debug_rnglists)

.debug_str_offsets
 *(.debug_str_offsets)

.debug_sup
 *(.debug_sup)
OUTPUT(project.elf elf32-avr)
LOAD linker stubs
